---
source: src/presenter.rs
assertion_line: 28
expression: actual
---

### rust-lang/rust

- [Cannot build on Fedora: wrong CPUTYPE?](https://github.com/rust-lang/rust/issues/1218) **open!**
- [rustc: Fix position of diagnostic highlight lines](https://github.com/rust-lang/rust/issues/1219) **closed!**
- [Add float support to #fmt.](https://github.com/rust-lang/rust/pull/1168) **merged!**
- [Prohibit in-scope consts from use as variable names in binders, like nullary tags](https://github.com/rust-lang/rust/pull/1193) **merged!**

### daido1976/terakoya

- [From now to Vercel](https://github.com/daido1976/terakoya/pull/52) **merged!**
